// Jest Snapshot v1, https://goo.gl/fbAQLP

exports[`Calculator should render correctly 1`] = `
<div>
  <div
    class="calculator"
  >
    <h5>
      React Calculator App
    </h5>
    <div
      class="display"
    >
      0
    </div>
    <div
      class="buttons"
    >
      <div
        class="row"
      >
        <button
          class=""
          type="button"
        >
          AC
        </button>
        <button
          class=""
          type="button"
        >
          +/-
        </button>
        <button
          class=""
          type="button"
        >
          %
        </button>
        <button
          class="color"
          type="button"
        >
          รท
        </button>
      </div>
      <div
        class="row"
      >
        <button
          class=""
          type="button"
        >
          7
        </button>
        <button
          class=""
          type="button"
        >
          8
        </button>
        <button
          class=""
          type="button"
        >
          9
        </button>
        <button
          class="color"
          type="button"
        >
          x
        </button>
      </div>
      <div
        class="row"
      >
        <button
          class=""
          type="button"
        >
          4
        </button>
        <button
          class=""
          type="button"
        >
          5
        </button>
        <button
          class=""
          type="button"
        >
          6
        </button>
        <button
          class="color"
          type="button"
        >
          -
        </button>
      </div>
      <div
        class="row"
      >
        <button
          class=""
          type="button"
        >
          1
        </button>
        <button
          class=""
          type="button"
        >
          2
        </button>
        <button
          class=""
          type="button"
        >
          3
        </button>
        <button
          class="color"
          type="button"
        >
          +
        </button>
      </div>
      <div
        class="row"
      >
        <button
          class="wide"
          type="button"
        >
          0
        </button>
        <button
          class=""
          type="button"
        >
          .
        </button>
        <button
          class="color"
          type="button"
        >
          =
        </button>
      </div>
    </div>
  </div>
</div>
`;
