// Jest Snapshot v1, https://goo.gl/fbAQLP

exports[`QuoteDisplay component QuoteDisplay renders correctly 1`] = `
<DocumentFragment>
  <div>
    Loading...
  </div>
</DocumentFragment>
`;
